2025-12-30 17:14:49,062 [INFO    ] [root                ] [MainThread] --- Logging diinisialisasi. File: output\pipeline_20251230_171449.log
2025-12-30 17:14:49,064 [INFO    ] [root                ] [MainThread] --- ================================================================================
2025-12-30 17:14:49,065 [INFO    ] [root                ] [MainThread] ---                             VOLCANOAI SYSTEM STARTUP                            
2025-12-30 17:14:49,066 [INFO    ] [root                ] [MainThread] --- ================================================================================
2025-12-30 17:14:49,073 [INFO    ] [root                ] [MainThread] --- [Dashboard] Starting Flask server in background thread (monitoring enabled)...
2025-12-30 17:14:49,097 [INFO    ] [RealtimeSensorManager] [MainThread] --- [MIROVA] Menggunakan log terbaru: output/realtime\mirova_log_20251003-094000.txt
2025-12-30 17:14:49,098 [INFO    ] [VolcanoAiPipeline   ] [MainThread] --- Pipeline VolcanoAI 5.2.0-TITAN-EXCEL initialized successfully.
2025-12-30 17:14:49,100 [INFO    ] [VolcanoAiPipeline   ] [MainThread] --- Starting Pipeline Execution...
2025-12-30 17:14:49,101 [INFO    ] [VolcanoAiPipeline   ] [MainThread] --- 
========== PHASE 1: DATA LOADING ==========
2025-12-30 17:14:49,135 [INFO    ] [VolcanoAiPipeline   ] [MainThread] --- 
========== PHASE 2: FEATURE ENGINEERING ==========
2025-12-30 17:14:49,236 [INFO    ] [FeatureEngineer     ] [MainThread] --- >>> FE TRAIN: Initializing new preprocessor state.
2025-12-30 17:14:49,563 [INFO    ] [FeatureEngineer     ] [MainThread] --- Smart Classifier Trained.
2025-12-30 17:14:49,667 [WARNING ] [FeatureEngineer     ] [MainThread] --- Imputer Warning: Kolom berikut kosong total saat training -> diisi 0.0: ['OLI_total (W)', 'MSI_total (W)']
2025-12-30 17:14:50,366 [INFO    ] [werkzeug            ] [Thread-1 (_run)] --- [31m[1mWARNING: This is a development server. Do not use it in a production deployment. Use a production WSGI server instead.[0m
 * Running on http://127.0.0.1:5000
2025-12-30 17:14:50,369 [INFO    ] [werkzeug            ] [Thread-1 (_run)] --- [33mPress CTRL+C to quit[0m
2025-12-30 17:14:50,481 [INFO    ] [VolcanoAI.processing.feature_engineer] [MainThread] --- Preprocessor state saved to: output\feature_preprocessor.pkl
2025-12-30 17:14:50,483 [INFO    ] [FeatureEngineer     ] [MainThread] --- Feature Engineering Complete. Shape: (21, 60)
2025-12-30 17:14:50,571 [INFO    ] [FeatureEngineer     ] [MainThread] --- >>> FE TRAIN: Initializing new preprocessor state.
2025-12-30 17:14:51,169 [INFO    ] [FeatureEngineer     ] [MainThread] --- Smart Classifier Trained.
2025-12-30 17:14:51,268 [INFO    ] [werkzeug            ] [Thread-174 (process_request_thread)] --- 127.0.0.1 - - [30/Dec/2025 17:14:51] "GET / HTTP/1.1" 200 -
2025-12-30 17:14:51,776 [INFO    ] [werkzeug            ] [Thread-178 (process_request_thread)] --- 127.0.0.1 - - [30/Dec/2025 17:14:51] "[36mGET /files/output/naive_bayes_results/roc_curves.png HTTP/1.1[0m" 304 -
2025-12-30 17:14:51,809 [INFO    ] [werkzeug            ] [Thread-175 (process_request_thread)] --- 127.0.0.1 - - [30/Dec/2025 17:14:51] "[36mGET /files/output/naive_bayes_results/confusion_matrix.png HTTP/1.1[0m" 304 -
2025-12-30 17:14:52,603 [INFO    ] [werkzeug            ] [Thread-179 (process_request_thread)] --- 127.0.0.1 - - [30/Dec/2025 17:14:52] "GET /files/output/aco_results/aco_impact_zones.html HTTP/1.1" 200 -
2025-12-30 17:14:52,612 [INFO    ] [werkzeug            ] [Thread-180 (process_request_thread)] --- 127.0.0.1 - - [30/Dec/2025 17:14:52] "[36mGET /files/output/ga_results/ga_path_map.html HTTP/1.1[0m" 304 -
2025-12-30 17:14:52,621 [INFO    ] [werkzeug            ] [Thread-181 (process_request_thread)] --- 127.0.0.1 - - [30/Dec/2025 17:14:52] "[36mGET /files/output/cnn_results/maps/cnn_prediction_map_20251230_154316.html HTTP/1.1[0m" 304 -
2025-12-30 17:15:04,735 [WARNING ] [FeatureEngineer     ] [MainThread] --- Imputer Warning: Kolom berikut kosong total saat training -> diisi 0.0: ['OLI_total (W)', 'MSI_total (W)']
2025-12-30 17:15:05,645 [INFO    ] [VolcanoAI.processing.feature_engineer] [MainThread] --- Preprocessor state saved to: output\feature_preprocessor.pkl
2025-12-30 17:15:05,647 [INFO    ] [FeatureEngineer     ] [MainThread] --- Feature Engineering Complete. Shape: (9, 60)
2025-12-30 17:15:05,662 [INFO    ] [VolcanoAiPipeline   ] [MainThread] --- 
========== PHASE 3: MODEL TRAINING ==========
2025-12-30 17:15:05,867 [INFO    ] [ACO_Engine_Master   ] [MainThread] --- [ACO] Melanjutkan dari brain state sebelumnya.
2025-12-30 17:15:11,643 [INFO    ] [ACO_Engine_Master   ] [MainThread] --- [ACO Iter-59] Stagnasi (41) â†’ Smooth Reset Pheromone.
2025-12-30 17:15:20,732 [INFO    ] [ACO_Engine_Master   ] [MainThread] --- [ACO Iter-144] Stagnasi (41) â†’ Smooth Reset Pheromone.
2025-12-30 17:15:25,250 [INFO    ] [ACO_Engine_Master   ] [MainThread] --- [ACO] Minimal GA input saved â†’ C:\Users\laygenda surya putra\Documents\JOKI\gempavulkanik\output\aco_results\aco_to_ga.json
2025-12-30 17:15:25,759 [INFO    ] [ACO_Engine_Master   ] [MainThread] --- [ACO] Visual ACO tersimpan â†’ C:\Users\laygenda surya putra\Documents\JOKI\gempavulkanik\output\aco_results/aco_impact_zones.html
2025-12-30 17:15:25,760 [INFO    ] [VolcanoAI.GaEngine  ] [MainThread] --- 
================================================================================
2025-12-30 17:15:25,762 [INFO    ] [VolcanoAI.GaEngine  ] [MainThread] ---                             === GA ENGINE START ===                             
2025-12-30 17:15:25,763 [INFO    ] [VolcanoAI.GaEngine  ] [MainThread] --- ================================================================================
2025-12-30 17:15:25,799 [ERROR   ] [VolcanoAI.GaEngine  ] [MainThread] --- [GA] Error in ACO-only mode: name 'last_row' is not defined
Traceback (most recent call last):
  File "C:\Users\laygenda surya putra\Documents\JOKI\gempavulkanik\VolcanoAI\engines\ga_engine.py", line 1149, in run
    pred['aco_center_lat'] = float(last_row.get('EQ_Lintang'))
NameError: name 'last_row' is not defined
2025-12-30 17:15:25,819 [INFO    ] [VolcanoAI.GaEngine  ] [MainThread] --- GA Evolution Start â†’ Pop=80, Gen=150
2025-12-30 17:15:25,842 [INFO    ] [VolcanoAI.GaEngine  ] [MainThread] --- Resuming GA from checkpoint...
2025-12-30 17:15:25,871 [INFO    ] [VolcanoAI.GaEngine  ] [MainThread] --- [GA] next_event (direction-only) ditulis ke aco_to_ga.json
2025-12-30 17:15:25,872 [CRITICAL] [PipelineGuard       ] [MainThread] --- CRASH di _run_training_flow: Location should consist of two numerical values, but None of type <class 'NoneType'> is not convertible to float.
2025-12-30 17:15:25,881 [CRITICAL] [VolcanoAiPipeline   ] [MainThread] --- PIPELINE FAILED: Location should consist of two numerical values, but None of type <class 'NoneType'> is not convertible to float.
Traceback (most recent call last):
  File "C:\Users\laygenda surya putra\Documents\JOKI\gempavulkanik\env\lib\site-packages\folium\utilities.py", line 103, in validate_location
    float(coord)
TypeError: float() argument must be a string or a real number, not 'NoneType'

During handling of the above exception, another exception occurred:

Traceback (most recent call last):
  File "C:\Users\laygenda surya putra\Documents\JOKI\gempavulkanik\main.py", line 656, in run
    self._run_training_flow() # Panggil fungsi untuk menjalankan alur pelatihan model
  File "C:\Users\laygenda surya putra\Documents\JOKI\gempavulkanik\main.py", line 102, in wrapper
    raise e
  File "C:\Users\laygenda surya putra\Documents\JOKI\gempavulkanik\main.py", line 95, in wrapper
    return func(*args, **kwargs) # coba jalankan fungsi asli yang dilindungi
  File "C:\Users\laygenda surya putra\Documents\JOKI\gempavulkanik\main.py", line 301, in _run_training_flow
    best_path, graphs_result = self.ga_engine.run(df_processed) # Jalankan engine GA pada data yang sudah di-FE
  File "C:\Users\laygenda surya putra\Documents\JOKI\gempavulkanik\VolcanoAI\engines\ga_engine.py", line 1276, in run
    self.visualizer.generate_map(
  File "C:\Users\laygenda surya putra\Documents\JOKI\gempavulkanik\VolcanoAI\engines\ga_engine.py", line 808, in generate_map
    m = folium.Map(location=[center_lat, center_lon], zoom_start=8, tiles=None)
  File "C:\Users\laygenda surya putra\Documents\JOKI\gempavulkanik\env\lib\site-packages\folium\folium.py", line 300, in __init__
    self.location = validate_location(location)
  File "C:\Users\laygenda surya putra\Documents\JOKI\gempavulkanik\env\lib\site-packages\folium\utilities.py", line 105, in validate_location
    raise ValueError(
ValueError: Location should consist of two numerical values, but None of type <class 'NoneType'> is not convertible to float.
2025-12-30 17:15:25,883 [INFO    ] [VolcanoAiPipeline   ] [MainThread] --- System shutdown. Uptime: 36.78s
