2025-12-08 05:32:45,020 [INFO    ] [root                ] [MainThread] --- Logging diinisialisasi. File: output\pipeline_20251208_053245.log
2025-12-08 05:32:45,022 [INFO    ] [root                ] [MainThread] --- ================================================================================
2025-12-08 05:32:45,022 [INFO    ] [root                ] [MainThread] ---                             VOLCANOAI SYSTEM STARTUP                            
2025-12-08 05:32:45,022 [INFO    ] [root                ] [MainThread] --- ================================================================================
2025-12-08 05:32:45,032 [INFO    ] [VolcanoAiPipeline   ] [MainThread] --- Pipeline VolcanoAI 5.2.0-TITAN-EXCEL initialized successfully.
2025-12-08 05:32:45,032 [INFO    ] [VolcanoAiPipeline   ] [MainThread] --- Starting Pipeline Execution...
2025-12-08 05:32:45,032 [INFO    ] [VolcanoAiPipeline   ] [MainThread] --- 
========== PHASE 1: DATA LOADING ==========
2025-12-08 05:32:45,033 [INFO    ] [SystemMonitor       ] [MainThread] --- RAM Usage: 75.1%
2025-12-08 05:32:45,035 [INFO    ] [VolcanoAiPipeline   ] [MainThread] --- Menjalankan Data Loader dari sumber mentah...
2025-12-08 05:32:52,011 [CRITICAL] [PipelineGuard       ] [MainThread] --- CRASH di _step_load_and_split_data: 'VRP_Date'
2025-12-08 05:32:52,073 [CRITICAL] [VolcanoAiPipeline   ] [MainThread] --- PIPELINE FAILED: 'VRP_Date'
Traceback (most recent call last):
  File "C:\Users\mauli\AppData\Roaming\Python\Python311\site-packages\pandas\core\indexes\base.py", line 3812, in get_loc
    return self._engine.get_loc(casted_key)
           ^^^^^^^^^^^^^^^^^^^^^^^^^^^^^^^^
  File "pandas/_libs/index.pyx", line 167, in pandas._libs.index.IndexEngine.get_loc
  File "pandas/_libs/index.pyx", line 196, in pandas._libs.index.IndexEngine.get_loc
  File "pandas/_libs/hashtable_class_helper.pxi", line 7088, in pandas._libs.hashtable.PyObjectHashTable.get_item
  File "pandas/_libs/hashtable_class_helper.pxi", line 7096, in pandas._libs.hashtable.PyObjectHashTable.get_item
KeyError: 'VRP_Date'

The above exception was the direct cause of the following exception:

Traceback (most recent call last):
  File "C:\Soft-project\Soft-project\TA\Earthquake_Volcano\main.py", line 415, in run
    if not self._step_load_and_split_data():
          ^^^^^^^^^^^^^^^^^^^^^^^^^^^^^^^^
  File "C:\Soft-project\Soft-project\TA\Earthquake_Volcano\main.py", line 94, in wrapper
    raise e
  File "C:\Soft-project\Soft-project\TA\Earthquake_Volcano\main.py", line 87, in wrapper
    return func(*args, **kwargs)
           ^^^^^^^^^^^^^^^^^^^^^
  File "C:\Soft-project\Soft-project\TA\Earthquake_Volcano\main.py", line 198, in _step_load_and_split_data
    df_full = self.data_loader.run()
              ^^^^^^^^^^^^^^^^^^^^^^
  File "C:\Soft-project\Soft-project\TA\Earthquake_Volcano\VolcanoAI\processing\data_loader.py", line 199, in run
    df_vol = VolcanoSource(self.cfg.volcano_data_path).load_and_clean()
             ^^^^^^^^^^^^^^^^^^^^^^^^^^^^^^^^^^^^^^^^^^^^^^^^^^^^^^^^^^
  File "C:\Soft-project\Soft-project\TA\Earthquake_Volcano\VolcanoAI\processing\data_loader.py", line 136, in load_and_clean
    df = DataGuard.standardize_datetime_column(df, "VRP_Date")
         ^^^^^^^^^^^^^^^^^^^^^^^^^^^^^^^^^^^^^^^^^^^^^^^^^^^^^
  File "C:\Soft-project\Soft-project\TA\Earthquake_Volcano\VolcanoAI\processing\data_loader.py", line 44, in standardize_datetime_column
    df[col] = pd.to_datetime(df[col], errors='coerce')
                             ~~^^^^^
  File "C:\Users\mauli\AppData\Roaming\Python\Python311\site-packages\pandas\core\frame.py", line 4107, in __getitem__
    indexer = self.columns.get_loc(key)
              ^^^^^^^^^^^^^^^^^^^^^^^^^
  File "C:\Users\mauli\AppData\Roaming\Python\Python311\site-packages\pandas\core\indexes\base.py", line 3819, in get_loc
    raise KeyError(key) from err
KeyError: 'VRP_Date'
2025-12-08 05:32:52,076 [INFO    ] [VolcanoAiPipeline   ] [MainThread] --- System shutdown. Uptime: 7.04s
