2025-12-21 23:34:11,920 [INFO    ] [root                ] [MainThread] --- Logging diinisialisasi. File: output\pipeline_20251221_233411.log
2025-12-21 23:34:11,920 [INFO    ] [root                ] [MainThread] --- ================================================================================
2025-12-21 23:34:11,920 [INFO    ] [root                ] [MainThread] ---                             VOLCANOAI SYSTEM STARTUP                            
2025-12-21 23:34:11,920 [INFO    ] [root                ] [MainThread] --- ================================================================================
2025-12-21 23:34:11,920 [INFO    ] [root                ] [MainThread] --- [Dashboard] Starting Flask server in background thread (monitoring enabled)...
2025-12-21 23:34:11,927 [INFO    ] [RealtimeSensorManager] [MainThread] --- [MIROVA] Menggunakan log terbaru: output/realtime\mirova_log_20251003-094000.txt
2025-12-21 23:34:11,927 [INFO    ] [VolcanoAiPipeline   ] [MainThread] --- Pipeline VolcanoAI 5.2.0-TITAN-EXCEL initialized successfully.
2025-12-21 23:34:11,927 [INFO    ] [VolcanoAiPipeline   ] [MainThread] --- Starting Pipeline Execution...
2025-12-21 23:34:11,927 [INFO    ] [VolcanoAiPipeline   ] [MainThread] --- 
========== PHASE 1: DATA LOADING ==========
2025-12-21 23:34:11,952 [INFO    ] [VolcanoAiPipeline   ] [MainThread] --- 
========== PHASE 2: FEATURE ENGINEERING ==========
2025-12-21 23:34:11,968 [INFO    ] [FeatureEngineer     ] [MainThread] --- >>> FE TRAIN: Initializing new preprocessor state.
2025-12-21 23:34:12,028 [INFO    ] [FeatureEngineer     ] [MainThread] --- Smart Classifier Trained.
2025-12-21 23:34:12,046 [WARNING ] [FeatureEngineer     ] [MainThread] --- Imputer Warning: Kolom berikut kosong total saat training -> diisi 0.0: ['OLI_total (W)', 'MSI_total (W)']
2025-12-21 23:34:12,342 [INFO    ] [werkzeug            ] [Thread-1 (_run)] --- [31m[1mWARNING: This is a development server. Do not use it in a production deployment. Use a production WSGI server instead.[0m
 * Running on http://127.0.0.1:5000
2025-12-21 23:34:12,342 [INFO    ] [werkzeug            ] [Thread-1 (_run)] --- [33mPress CTRL+C to quit[0m
2025-12-21 23:34:12,390 [INFO    ] [werkzeug            ] [Thread-148 (process_request_thread)] --- 127.0.0.1 - - [21/Dec/2025 23:34:12] "GET / HTTP/1.1" 200 -
2025-12-21 23:34:12,618 [INFO    ] [werkzeug            ] [Thread-169 (process_request_thread)] --- 127.0.0.1 - - [21/Dec/2025 23:34:12] "[36mGET /files/output/naive_bayes_results/roc_curves.png HTTP/1.1[0m" 304 -
2025-12-21 23:34:12,620 [INFO    ] [werkzeug            ] [Thread-168 (process_request_thread)] --- 127.0.0.1 - - [21/Dec/2025 23:34:12] "[36mGET /files/output/naive_bayes_results/confusion_matrix.png HTTP/1.1[0m" 304 -
2025-12-21 23:34:12,626 [INFO    ] [VolcanoAI.processing.feature_engineer] [MainThread] --- Preprocessor state saved to: output\feature_preprocessor.pkl
2025-12-21 23:34:12,626 [INFO    ] [werkzeug            ] [Thread-209 (process_request_thread)] --- 127.0.0.1 - - [21/Dec/2025 23:34:12] "[36mGET /files/output/aco_results/aco_impact_zones.html HTTP/1.1[0m" 304 -
2025-12-21 23:34:12,631 [INFO    ] [werkzeug            ] [Thread-211 (process_request_thread)] --- 127.0.0.1 - - [21/Dec/2025 23:34:12] "[36mGET /files/output/cnn_results/cnn_prediction_map.html HTTP/1.1[0m" 304 -
2025-12-21 23:34:12,633 [INFO    ] [werkzeug            ] [Thread-210 (process_request_thread)] --- 127.0.0.1 - - [21/Dec/2025 23:34:12] "[36mGET /files/output/ga_results/ga_path_map.html HTTP/1.1[0m" 304 -
2025-12-21 23:34:12,634 [INFO    ] [FeatureEngineer     ] [MainThread] --- Feature Engineering Complete. Shape: (21, 60)
2025-12-21 23:34:12,642 [INFO    ] [FeatureEngineer     ] [MainThread] --- >>> FE TRAIN: Initializing new preprocessor state.
2025-12-21 23:34:12,755 [INFO    ] [FeatureEngineer     ] [MainThread] --- Smart Classifier Trained.
2025-12-21 23:34:15,390 [WARNING ] [FeatureEngineer     ] [MainThread] --- Imputer Warning: Kolom berikut kosong total saat training -> diisi 0.0: ['OLI_total (W)', 'MSI_total (W)']
2025-12-21 23:34:15,751 [INFO    ] [VolcanoAI.processing.feature_engineer] [MainThread] --- Preprocessor state saved to: output\feature_preprocessor.pkl
2025-12-21 23:34:15,751 [INFO    ] [FeatureEngineer     ] [MainThread] --- Feature Engineering Complete. Shape: (9, 60)
2025-12-21 23:34:15,765 [INFO    ] [VolcanoAiPipeline   ] [MainThread] --- 
========== PHASE 3: MODEL TRAINING ==========
2025-12-21 23:34:15,765 [WARNING ] [ACO_Engine_Master   ] [MainThread] --- [ACO] Heuristic Matrix kosong/flat/NaN. Menggunakan Fallback Uniform distribution.
2025-12-21 23:34:15,765 [INFO    ] [ACO_Engine_Master   ] [MainThread] --- [ACO] Melanjutkan dari brain state sebelumnya.
2025-12-21 23:34:18,873 [INFO    ] [ACO_Engine_Master   ] [MainThread] --- [ACO Iter-41] Stagnasi (41) â†’ Smooth Reset Pheromone.
2025-12-21 23:34:21,698 [INFO    ] [ACO_Engine_Master   ] [MainThread] --- [ACO Iter-82] Stagnasi (41) â†’ Smooth Reset Pheromone.
2025-12-21 23:34:24,484 [INFO    ] [ACO_Engine_Master   ] [MainThread] --- [ACO Iter-123] Stagnasi (41) â†’ Smooth Reset Pheromone.
2025-12-21 23:34:27,323 [INFO    ] [ACO_Engine_Master   ] [MainThread] --- [ACO Iter-164] Stagnasi (41) â†’ Smooth Reset Pheromone.
2025-12-21 23:34:29,936 [ERROR   ] [ACO_Engine_Master   ] [MainThread] --- Gagal membuat visual ACO: Location values cannot contain NaNs.
2025-12-21 23:34:29,936 [INFO    ] [ACO_Engine_Master   ] [MainThread] --- [ACO] Output GA tersimpan â†’ C:\Users\USER\Downloads\Earthquake_Volcan\Earthquake_Volcano\output\aco_results\aco_to_ga.json
2025-12-21 23:34:29,936 [INFO    ] [ACO_Engine_Master   ] [MainThread] --- [ACO] Impact Center: {'center_lat': nan, 'center_lon': nan, 'lat_column_used': 'Lintang', 'lon_column_used': 'Bujur'} | Impact Area (kmÂ²): 55.76676552857078
2025-12-21 23:34:29,936 [INFO    ] [VolcanoAI.GaEngine  ] [MainThread] --- 
================================================================================
2025-12-21 23:34:29,936 [INFO    ] [VolcanoAI.GaEngine  ] [MainThread] ---                             === GA ENGINE START ===                             
2025-12-21 23:34:29,936 [INFO    ] [VolcanoAI.GaEngine  ] [MainThread] --- ================================================================================
2025-12-21 23:34:29,936 [INFO    ] [VolcanoAI.GaEngine  ] [MainThread] --- GA Evolution Start â†’ Pop=80, Gen=150
2025-12-21 23:34:29,952 [INFO    ] [VolcanoAI.GaEngine  ] [MainThread] --- Resuming GA from checkpoint...
2025-12-21 23:34:29,968 [INFO    ] [VolcanoAI.GaEngine  ] [MainThread] --- [GA] next_event berhasil ditulis ke aco_to_ga.json
2025-12-21 23:34:29,968 [INFO    ] [VolcanoAI.GaEngine  ] [MainThread] --- GA vector JSON saved â†’ output\ga_results\ga_vector.json
2025-12-21 23:34:29,985 [CRITICAL] [PipelineGuard       ] [MainThread] --- CRASH di _run_training_flow: positional indexers are out-of-bounds
2025-12-21 23:34:29,988 [CRITICAL] [VolcanoAiPipeline   ] [MainThread] --- PIPELINE FAILED: positional indexers are out-of-bounds
Traceback (most recent call last):
  File "C:\Users\USER\Downloads\Earthquake_Volcan\Earthquake_Volcano\env\lib\site-packages\pandas\core\indexing.py", line 1715, in _get_list_axis
    return self.obj._take_with_is_copy(key, axis=axis)
  File "C:\Users\USER\Downloads\Earthquake_Volcan\Earthquake_Volcano\env\lib\site-packages\pandas\core\generic.py", line 4175, in _take_with_is_copy
    result = self.take(indices=indices, axis=axis)
  File "C:\Users\USER\Downloads\Earthquake_Volcan\Earthquake_Volcano\env\lib\site-packages\pandas\core\generic.py", line 4155, in take
    new_data = self._mgr.take(
  File "C:\Users\USER\Downloads\Earthquake_Volcan\Earthquake_Volcano\env\lib\site-packages\pandas\core\internals\managers.py", line 910, in take
    indexer = maybe_convert_indices(indexer, n, verify=verify)
  File "C:\Users\USER\Downloads\Earthquake_Volcan\Earthquake_Volcano\env\lib\site-packages\pandas\core\indexers\utils.py", line 282, in maybe_convert_indices
    raise IndexError("indices are out-of-bounds")
IndexError: indices are out-of-bounds

The above exception was the direct cause of the following exception:

Traceback (most recent call last):
  File "C:\Users\USER\Downloads\Earthquake_Volcan\Earthquake_Volcano\main.py", line 621, in run
    self._run_training_flow()
  File "C:\Users\USER\Downloads\Earthquake_Volcan\Earthquake_Volcano\main.py", line 100, in wrapper
    raise e
  File "C:\Users\USER\Downloads\Earthquake_Volcan\Earthquake_Volcano\main.py", line 93, in wrapper
    return func(*args, **kwargs)
  File "C:\Users\USER\Downloads\Earthquake_Volcan\Earthquake_Volcano\main.py", line 298, in _run_training_flow
    best_path, graphs_result = self.ga_engine.run(df_processed)
  File "C:\Users\USER\Downloads\Earthquake_Volcan\Earthquake_Volcano\VolcanoAI\engines\ga_engine.py", line 1015, in run
    self.visualizer.generate_map(
  File "C:\Users\USER\Downloads\Earthquake_Volcan\Earthquake_Volcano\VolcanoAI\engines\ga_engine.py", line 738, in generate_map
    best_df = df.iloc[best_path].reset_index(drop=True)
  File "C:\Users\USER\Downloads\Earthquake_Volcan\Earthquake_Volcano\env\lib\site-packages\pandas\core\indexing.py", line 1192, in __getitem__
    return self._getitem_axis(maybe_callable, axis=axis)
  File "C:\Users\USER\Downloads\Earthquake_Volcan\Earthquake_Volcano\env\lib\site-packages\pandas\core\indexing.py", line 1744, in _getitem_axis
    return self._get_list_axis(key, axis=axis)
  File "C:\Users\USER\Downloads\Earthquake_Volcan\Earthquake_Volcano\env\lib\site-packages\pandas\core\indexing.py", line 1718, in _get_list_axis
    raise IndexError("positional indexers are out-of-bounds") from err
IndexError: positional indexers are out-of-bounds
2025-12-21 23:34:29,988 [INFO    ] [VolcanoAiPipeline   ] [MainThread] --- System shutdown. Uptime: 18.06s
